Death event: Arthur has been defeated by Smaug
Death event: Arthur has been defeated by Smaug
Death event: Arthur has been defeated by Smaug
